---
source: src/cli/ui/inspect_view.rs
expression: "InspectReportView::new(&report, &painter).to_string()"
---
Connected device:
╭───────────┬───────────╮
│ field     │ value     │
├───────────┼───────────┤
│ Adapter   │ hci0      │
│ Device ID │ AA:BB:CC  │
│ Name      │ IDM-Clock │
│ RSSI      │ -43       │
╰───────────┴───────────╯

Session metadata:
╭───────────────────────────────────────┬───────────╮
│ field                                 │ value     │
├───────────────────────────────────────┼───────────┤
│ Required endpoints verified           │ no        │
│ GATT profile                          │ <unknown> │
│ Write-without-response limit          │ <unknown> │
│ Discovered services                   │ 1         │
│ Discovered characteristics            │ 0         │
│ Write characteristic properties       │ <missing> │
│ Read/notify characteristic properties │ <missing> │
│ Resolved write characteristic UUID    │ <unknown> │
│ Resolved read/notify UUID             │ <unknown> │
│ Profile panel size                    │ unknown   │
│ Profile LED type                      │ <unknown> │
│ Profile text path                     │ <unknown> │
│ Profile joint mode                    │ <none>    │
│ Profile image upload mode             │ png_file  │
│ Profile GIF header                    │ timed     │
│ Profile write chunk fallback          │ 512 bytes │
╰───────────────────────────────────────┴───────────╯

Expected iDotMatrix endpoints:
╭──────────────────────────────────────┬────────────────┬─────────────────────────────┬─────────╮
│ uuid                                 │ kind           │ name                        │ status  │
├──────────────────────────────────────┼────────────────┼─────────────────────────────┼─────────┤
│ 000000fa-0000-1000-8000-00805f9b34fb │ service        │ iDotMatrix control service  │ missing │
│ 0000fa02-0000-1000-8000-00805f9b34fb │ characteristic │ iDotMatrix write data       │ missing │
│ 0000fa03-0000-1000-8000-00805f9b34fb │ characteristic │ iDotMatrix read/notify data │ missing │
╰──────────────────────────────────────┴────────────────┴─────────────────────────────┴─────────╯

Discovered GATT services:
╭──────────────────────────────────────┬─────────┬─────────────────────┬────────────╮
│ service_uuid                         │ primary │ characteristic_uuid │ properties │
├──────────────────────────────────────┼─────────┼─────────────────────┼────────────┤
│ 00001800-0000-1000-8000-00805f9b34fb │ no      │ <none>              │ <none>     │
╰──────────────────────────────────────┴─────────┴─────────────────────┴────────────╯
