---
source: src/cli/ui/device_view.rs
assertion_line: 76
expression: "DeviceView::new(&dev, painter).to_string()"
---
╭───────────┬───────────╮
│ field     │ value     │
├───────────┼───────────┤
│ adapter   │ hci0      │
│ device_id │ AA:BB:CC  │
│ name      │ IDM-Clock │
│ rssi      │ -         │
╰───────────┴───────────╯
