---
source: src/cli/ui/inspect_view.rs
expression: "InspectReportView::new(&report, &painter).to_string()"
---
Connected device:
╭───────────┬───────────╮
│ field     │ value     │
├───────────┼───────────┤
│ adapter   │ hci0      │
│ device_id │ AA:BB:CC  │
│ name      │ IDM-Clock │
│ rssi      │ -43       │
╰───────────┴───────────╯

Session metadata:
╭───────────────────────────────────────┬───────────╮
│ field                                 │ value     │
├───────────────────────────────────────┼───────────┤
│ required_endpoints_verified           │ no        │
│ gatt_profile                          │ <unknown> │
│ write_without_response_limit          │ <unknown> │
│ discovered_services                   │ 1         │
│ discovered_characteristics            │ 0         │
│ write_characteristic_properties       │ <missing> │
│ read_notify_characteristic_properties │ <missing> │
│ resolved_write_characteristic_uuid    │ <unknown> │
│ resolved_read_notify_uuid             │ <unknown> │
│ profile_panel_size                    │ unknown   │
│ profile_led_type                      │ <unknown> │
│ profile_text_path                     │ <unknown> │
│ profile_joint_mode                    │ <none>    │
│ profile_image_upload_mode             │ png_file  │
│ profile_gif_header                    │ timed     │
│ profile_write_chunk_fallback          │ 512 bytes │
╰───────────────────────────────────────┴───────────╯

Expected iDotMatrix endpoints:
╭──────────────────────────────────────┬────────────────┬─────────────────────────────┬─────────╮
│ uuid                                 │ kind           │ name                        │ status  │
├──────────────────────────────────────┼────────────────┼─────────────────────────────┼─────────┤
│ 000000fa-0000-1000-8000-00805f9b34fb │ service        │ iDotMatrix control service  │ missing │
│ 0000fa02-0000-1000-8000-00805f9b34fb │ characteristic │ iDotMatrix write data       │ missing │
│ 0000fa03-0000-1000-8000-00805f9b34fb │ characteristic │ iDotMatrix read/notify data │ missing │
╰──────────────────────────────────────┴────────────────┴─────────────────────────────┴─────────╯

Discovered GATT services:
╭──────────────────────────────────────┬─────────┬─────────────────────┬────────────╮
│ service_uuid                         │ primary │ characteristic_uuid │ properties │
├──────────────────────────────────────┼─────────┼─────────────────────┼────────────┤
│ 00001800-0000-1000-8000-00805f9b34fb │ no      │ <none>              │ <none>     │
╰──────────────────────────────────────┴─────────┴─────────────────────┴────────────╯
