---
source: src/cli/ui/listen_view.rs
expression: view.to_string()
---
Connected device:
╭───────────┬───────────╮
│ field     │ value     │
├───────────┼───────────┤
│ Adapter   │ hci0      │
│ Device ID │ AA:BB:CC  │
│ Name      │ IDM-Clock │
│ RSSI      │ -43       │
╰───────────┴───────────╯

Listen session:
╭──────────────┬────────────────────────────────────────────────────────────────────╮
│ field        │ value                                                              │
├──────────────┼────────────────────────────────────────────────────────────────────┤
│ initial_read │ <none>                                                             │
│ listening_on │ 0000fa03-0000-1000-8000-00805f9b34fb (iDotMatrix read/notify data) │
╰──────────────┴────────────────────────────────────────────────────────────────────╯
