---
source: tests/commands_cli.rs
assertion_line: 70
expression: stdout.trim_end()
---
Connected device:
╭───────────┬───────────╮
│ field     │ value     │
├───────────┼───────────┤
│ Adapter   │ hci0      │
│ Device ID │ AA:BB:CC  │
│ Name      │ IDM-Clock │
│ RSSI      │ -43       │
╰───────────┴───────────╯

Listen session:
╭──────────────┬────────────────────────────────────────────────────────────────────╮
│ field        │ value                                                              │
├──────────────┼────────────────────────────────────────────────────────────────────┤
│ initial_read │ DE AD BE EF                                                        │
│ listening_on │ 0000fa03-0000-1000-8000-00805f9b34fb (iDotMatrix read/notify data) │
╰──────────────┴────────────────────────────────────────────────────────────────────╯
[0001] GIF next package
[0002] GIF finished

Stopped: reached max notifications (2) - received 2 notification(s)
