---
source: tests/commands_cli.rs
expression: stdout.trim_end()
---
Connected device:
╭───────────┬───────────╮
│ field     │ value     │
├───────────┼───────────┤
│ adapter   │ hci0      │
│ device_id │ AA:BB:CC  │
│ name      │ IDM-Clock │
│ rssi      │ -43       │
╰───────────┴───────────╯

Listen session:
╭──────────────┬────────────────────────────────────────────────────────────────────╮
│ field        │ value                                                              │
├──────────────┼────────────────────────────────────────────────────────────────────┤
│ initial_read │ DE AD BE EF                                                        │
│ listening_on │ 0000fa03-0000-1000-8000-00805f9b34fb (iDotMatrix read/notify data) │
╰──────────────┴────────────────────────────────────────────────────────────────────╯
[0001] 05 00 01 00 01
[0002] 05 00 01 00 03

Stopped: reached max notifications (2) - received 2 notification(s)
