---
source: tests/commands_cli.rs
assertion_line: 64
expression: stdout.trim_end()
---
Connected device:
╭───────────┬───────────╮
│ field     │ value     │
├───────────┼───────────┤
│ Adapter   │ hci0      │
│ Device ID │ AA:BB:CC  │
│ Name      │ IDM-Clock │
│ RSSI      │ -43       │
╰───────────┴───────────╯

Session metadata:
╭───────────────────────────────────────┬──────────────────────────────────────╮
│ field                                 │ value                                │
├───────────────────────────────────────┼──────────────────────────────────────┤
│ Required endpoints verified           │ yes                                  │
│ GATT profile                          │ fa_fa02                              │
│ Write-without-response limit          │ 509 bytes                            │
│ Discovered services                   │ 1                                    │
│ Discovered characteristics            │ 2                                    │
│ Write characteristic properties       │ write                                │
│ Read/notify characteristic properties │ read,notify                          │
│ Resolved write characteristic UUID    │ 0000fa02-0000-1000-8000-00805f9b34fb │
│ Resolved read/notify UUID             │ 0000fa03-0000-1000-8000-00805f9b34fb │
│ Profile panel dimensions              │ <unknown>                            │
│ Profile LED type                      │ <unknown>                            │
│ Profile text path                     │ <unknown>                            │
│ Profile joint mode                    │ <none>                               │
│ Profile image upload mode             │ png_file                             │
│ Profile GIF header                    │ timed                                │
│ Profile write chunk fallback          │ 509 bytes                            │
╰───────────────────────────────────────┴──────────────────────────────────────╯

Runtime diagnostics:

Screen-light timeout probe:
╭───────────────────────┬──────────────────────────────────────────────────────────────────────────────╮
│ field                 │ value                                                                        │
├───────────────────────┼──────────────────────────────────────────────────────────────────────────────┤
│ Query outcome         │ invalid_response                                                             │
│ Write modes attempted │ without_response:read_screen_light_read,with_response:read_screen_light_read │
│ Timeout value         │ <none>                                                                       │
│ Last payload          │ 05 00 01 00 01                                                               │
╰───────────────────────┴──────────────────────────────────────────────────────────────────────────────╯

Expected iDotMatrix endpoints:
╭──────────────────────────────────────┬────────────────┬─────────────────────────────┬─────────╮
│ uuid                                 │ kind           │ name                        │ status  │
├──────────────────────────────────────┼────────────────┼─────────────────────────────┼─────────┤
│ 000000fa-0000-1000-8000-00805f9b34fb │ service        │ iDotMatrix control service  │ present │
│ 0000fa02-0000-1000-8000-00805f9b34fb │ characteristic │ iDotMatrix write data       │ present │
│ 0000fa03-0000-1000-8000-00805f9b34fb │ characteristic │ iDotMatrix read/notify data │ present │
╰──────────────────────────────────────┴────────────────┴─────────────────────────────┴─────────╯

Discovered GATT services:
╭──────────────────────────────────────┬─────────┬──────────────────────────────────────┬─────────────╮
│ service_uuid                         │ primary │ characteristic_uuid                  │ properties  │
├──────────────────────────────────────┼─────────┼──────────────────────────────────────┼─────────────┤
│ 000000fa-0000-1000-8000-00805f9b34fb │ yes     │ 0000fa02-0000-1000-8000-00805f9b34fb │ write       │
│ 000000fa-0000-1000-8000-00805f9b34fb │ yes     │ 0000fa03-0000-1000-8000-00805f9b34fb │ read,notify │
╰──────────────────────────────────────┴─────────┴──────────────────────────────────────┴─────────────╯
